{"timestamp":"2025-10-12T23:11:36.064Z","level":"info","message":"Server starting on http://localhost:3000","context":{"environment":"development","port":3000}}
{"timestamp":"2025-10-12T23:21:39.526Z","level":"info","message":"Server starting on http://localhost:3000","context":{"environment":"development","port":3000}}
{"timestamp":"2025-10-12T23:22:33.656Z","level":"info","message":"Server starting on http://localhost:3000","context":{"environment":"development","port":3000}}
{"timestamp":"2025-10-12T23:22:37.131Z","level":"info","message":"Server starting on http://localhost:3000","context":{"environment":"development","port":3000}}
{"timestamp":"2025-10-12T23:22:45.629Z","level":"info","message":"Server starting on http://localhost:3000","context":{"environment":"development","port":3000}}
{"timestamp":"2025-10-12T23:22:49.963Z","level":"info","message":"Server starting on http://localhost:3000","context":{"environment":"development","port":3000}}
{"timestamp":"2025-10-12T23:22:59.523Z","level":"info","message":"Server starting on http://localhost:3000","context":{"environment":"development","port":3000}}
{"timestamp":"2025-10-12T23:23:11.885Z","level":"info","message":"File uploaded: 06c01163-1971-41be-a392-284869f49a4c-test-upload.csv","context":{"originalName":"test-upload.csv","size":270,"type":"text/csv"}}
{"timestamp":"2025-10-12T23:23:11.894Z","level":"info","message":"Hash comparison results","context":{"fileName":"06c01163-1971-41be-a392-284869f49a4c-test-upload.csv","cHash":"c47f4db264075e5b2f0f207f6e8fa513","cppHash":"c47f4db264075e5b2f0f207f6e8fa513","hashMatch":true,"duplicateFound":false,"existingRecordsCount":0,"similarHashesCount":0}}
{"timestamp":"2025-10-12T23:23:13.998Z","level":"info","message":"File uploaded: 20307161-b02c-4825-89be-742ef80df693-test-upload.csv","context":{"originalName":"test-upload.csv","size":270,"type":"text/csv"}}
{"timestamp":"2025-10-12T23:23:14.004Z","level":"info","message":"Hash comparison results","context":{"fileName":"20307161-b02c-4825-89be-742ef80df693-test-upload.csv","cHash":"c47f4db264075e5b2f0f207f6e8fa513","cppHash":"c47f4db264075e5b2f0f207f6e8fa513","hashMatch":true,"duplicateFound":true,"existingRecordsCount":1,"similarHashesCount":0}}
{"timestamp":"2025-10-12T23:23:18.959Z","level":"info","message":"File uploaded: 7b2acd38-7b6d-401b-9307-78dd635ac379-test-upload2.csv","context":{"originalName":"test-upload2.csv","size":270,"type":"text/csv"}}
{"timestamp":"2025-10-12T23:23:18.962Z","level":"info","message":"Hash comparison results","context":{"fileName":"7b2acd38-7b6d-401b-9307-78dd635ac379-test-upload2.csv","cHash":"5ac2dfa037553c3dac5033dc07a16bd5","cppHash":"5ac2dfa037553c3dac5033dc07a16bd5","hashMatch":true,"duplicateFound":false,"existingRecordsCount":0,"similarHashesCount":0}}
{"timestamp":"2025-10-12T23:23:23.608Z","level":"info","message":"Hash comparison results","context":{"fileName":"1760311403606-test-upload.json","cHash":"abb508d4d30eb3755c12d1d6bea57614","cppHash":"abb508d4d30eb3755c12d1d6bea57614","hashMatch":true,"duplicateFound":false,"existingRecordsCount":0,"similarHashesCount":0}}
{"timestamp":"2025-10-12T23:23:33.555Z","level":"info","message":"Server starting on http://localhost:3000","context":{"environment":"development","port":3000}}
{"timestamp":"2025-10-12T23:23:33.576Z","level":"info","message":"Server starting on http://localhost:3000","context":{"environment":"development","port":3000}}
{"timestamp":"2025-10-12T23:23:37.380Z","level":"info","message":"Received SIGINT, shutting down gracefully"}
{"timestamp":"2025-10-12T23:23:37.950Z","level":"info","message":"Server starting on http://localhost:3000","context":{"environment":"development","port":3000}}
{"timestamp":"2025-10-12T23:23:54.536Z","level":"info","message":"File uploaded: 62fde50e-2eab-441d-a689-202ea53f965b-sample-medicines_1.csv","context":{"originalName":"sample-medicines_1.csv","size":487,"type":"text/csv"}}
{"timestamp":"2025-10-12T23:23:54.543Z","level":"info","message":"Hash comparison results","context":{"fileName":"62fde50e-2eab-441d-a689-202ea53f965b-sample-medicines_1.csv","cHash":"6eb2ed3da2ac5327bed9af1548075959","cppHash":"6eb2ed3da2ac5327bed9af1548075959","hashMatch":true,"duplicateFound":true,"existingRecordsCount":1,"similarHashesCount":0}}
{"timestamp":"2025-10-12T23:24:53.591Z","level":"info","message":"Server starting on http://localhost:3000","context":{"environment":"development","port":3000}}
{"timestamp":"2025-10-12T23:32:06.078Z","level":"info","message":"Server starting on http://localhost:3000","context":{"environment":"development","port":3000}}
{"timestamp":"2025-10-12T23:32:09.775Z","level":"info","message":"Received SIGINT, shutting down gracefully"}
{"timestamp":"2025-10-12T23:32:24.412Z","level":"info","message":"Received SIGTERM, shutting down gracefully"}
{"timestamp":"2025-10-12T23:32:30.709Z","level":"info","message":"Server starting on http://localhost:3000","context":{"environment":"development","port":3000}}
{"timestamp":"2025-10-12T23:32:45.835Z","level":"info","message":"File uploaded: dacbc610-5944-4f37-9a52-b844927aae11-sample-medicines_1.csv","context":{"originalName":"sample-medicines_1.csv","size":487,"type":"text/csv"}}
{"timestamp":"2025-10-12T23:32:45.842Z","level":"info","message":"Hash comparison results","context":{"fileName":"dacbc610-5944-4f37-9a52-b844927aae11-sample-medicines_1.csv","cHash":"6eb2ed3da2ac5327bed9af1548075959","cppHash":"6eb2ed3da2ac5327bed9af1548075959","hashMatch":true,"duplicateFound":true,"existingRecordsCount":1,"similarHashesCount":0}}
{"timestamp":"2025-10-12T23:33:50.494Z","level":"info","message":"Server starting on http://localhost:3000","context":{"environment":"development","port":3000}}
{"timestamp":"2025-10-12T23:34:15.845Z","level":"info","message":"Server starting on http://localhost:3000","context":{"environment":"development","port":3000}}
{"timestamp":"2025-10-12T23:34:20.987Z","level":"info","message":"Server starting on http://localhost:3000","context":{"environment":"development","port":3000}}
{"timestamp":"2025-10-12T23:34:23.351Z","level":"info","message":"Server starting on http://localhost:3000","context":{"environment":"development","port":3000}}
{"timestamp":"2025-10-12T23:34:32.404Z","level":"info","message":"Server starting on http://localhost:3000","context":{"environment":"development","port":3000}}
{"timestamp":"2025-10-12T23:35:15.654Z","level":"info","message":"Received SIGINT, shutting down gracefully"}
{"timestamp":"2025-10-12T23:35:16.290Z","level":"info","message":"Server starting on http://localhost:3000","context":{"environment":"development","port":3000}}
{"timestamp":"2025-10-12T23:36:23.862Z","level":"info","message":"Received SIGINT, shutting down gracefully"}
{"timestamp":"2025-10-12T23:36:24.599Z","level":"info","message":"Server starting on http://localhost:3000","context":{"environment":"development","port":3000}}
{"timestamp":"2025-10-12T23:36:25.645Z","level":"info","message":"Received SIGINT, shutting down gracefully"}
{"timestamp":"2025-10-12T23:36:27.462Z","level":"info","message":"Server starting on http://localhost:3000","context":{"environment":"development","port":3000}}
{"timestamp":"2025-10-12T23:36:34.238Z","level":"info","message":"File uploaded: c61831e0-ccaa-41dd-b015-459842757a45-sample-medicines_1.csv","context":{"originalName":"sample-medicines_1.csv","size":487,"type":"text/csv"}}
{"timestamp":"2025-10-12T23:36:34.246Z","level":"info","message":"Hash comparison results","context":{"fileName":"c61831e0-ccaa-41dd-b015-459842757a45-sample-medicines_1.csv","cHash":"6eb2ed3da2ac5327bed9af1548075959","cppHash":"6eb2ed3da2ac5327bed9af1548075959","cHashValid":false,"cppHashValid":false,"cDuplicateFound":true,"cppDuplicateFound":true,"cExistingRecordsCount":1,"cppExistingRecordsCount":1}}
{"timestamp":"2025-10-12T23:36:47.947Z","level":"info","message":"Hash comparison results","context":{"fileName":"1760312207943-sample-medicines.json","cHash":"3230a8f72e4bf2489d8163b5fd3012c6","cppHash":"3230a8f72e4bf2489d8163b5fd3012c6","cHashValid":false,"cppHashValid":false,"cDuplicateFound":true,"cppDuplicateFound":true,"cExistingRecordsCount":1,"cppExistingRecordsCount":1}}
{"timestamp":"2025-10-12T23:41:40.375Z","level":"info","message":"Received SIGINT, shutting down gracefully"}
{"timestamp":"2025-10-12T23:41:47.791Z","level":"info","message":"Server starting on http://localhost:3000","context":{"environment":"development","port":3000}}
{"timestamp":"2025-10-12T23:41:59.032Z","level":"info","message":"Hash comparison results","context":{"fileName":"1760312519024-sample-medicines.json","cHash":"3230a8f72e4bf2489d8163b5fd3012c6","cppHash":"3230a8f72e4bf2489d8163b5fd3012c6","cHashValid":false,"cppHashValid":false,"cDuplicateFound":true,"cppDuplicateFound":true,"cExistingRecordsCount":1,"cppExistingRecordsCount":1}}
{"timestamp":"2025-10-12T23:42:06.688Z","level":"info","message":"Server starting on http://localhost:3000","context":{"environment":"development","port":3000}}
{"timestamp":"2025-10-12T23:45:12.700Z","level":"info","message":"Hash comparison results","context":{"fileName":"1760312712693-sample-medicines.json","cHash":"3230a8f72e4bf2489d8163b5fd3012c6","cppHash":"3230a8f72e4bf2489d8163b5fd3012c6","cHashValid":false,"cppHashValid":false,"cDuplicateFound":true,"cppDuplicateFound":true,"cExistingRecordsCount":1,"cppExistingRecordsCount":1}}
{"timestamp":"2025-10-12T23:45:19.299Z","level":"info","message":"Received SIGINT, shutting down gracefully"}
{"timestamp":"2025-10-12T23:45:21.141Z","level":"info","message":"Server starting on http://localhost:3000","context":{"environment":"development","port":3000}}
{"timestamp":"2025-10-12T23:45:25.503Z","level":"info","message":"Hash comparison results","context":{"fileName":"1760312725496-sample-medicines.json","cHash":"3230a8f72e4bf2489d8163b5fd3012c6","cppHash":"3230a8f72e4bf2489d8163b5fd3012c6","cHashValid":false,"cppHashValid":false,"cDuplicateFound":true,"cppDuplicateFound":true,"cExistingRecordsCount":1,"cppExistingRecordsCount":1}}
{"timestamp":"2025-10-12T23:47:59.426Z","level":"info","message":"File uploaded: cc27a47e-20a5-47b1-b3cf-d5530e2b8e94-Vivaldi_Passwords.csv","context":{"originalName":"Vivaldi Passwords.csv","size":36103,"type":"text/csv"}}
{"timestamp":"2025-10-12T23:47:59.430Z","level":"info","message":"Hash comparison results","context":{"fileName":"cc27a47e-20a5-47b1-b3cf-d5530e2b8e94-Vivaldi_Passwords.csv","cHash":"077d7fa69f0881b106182a951215c29d","cppHash":"077d7fa69f0881b106182a951215c29d","cHashValid":true,"cppHashValid":true,"cDuplicateFound":false,"cppDuplicateFound":false,"cExistingRecordsCount":0,"cppExistingRecordsCount":0}}
{"timestamp":"2025-10-12T23:49:37.211Z","level":"info","message":"Hash comparison results","context":{"fileName":"1760312977207-sample-medicines.json","cHash":"3230a8f72e4bf2489d8163b5fd3012c6","cppHash":"3230a8f72e4bf2489d8163b5fd3012c6","cHashValid":true,"cppHashValid":true,"cDuplicateFound":false,"cppDuplicateFound":false,"cExistingRecordsCount":0,"cppExistingRecordsCount":0}}
{"timestamp":"2025-10-12T23:50:12.110Z","level":"info","message":"Hash comparison results","context":{"fileName":"1760313012106-sample-medicines.json","cHash":"3230a8f72e4bf2489d8163b5fd3012c6","cppHash":"3230a8f72e4bf2489d8163b5fd3012c6","cHashValid":false,"cppHashValid":false,"cDuplicateFound":true,"cppDuplicateFound":true,"cExistingRecordsCount":1,"cppExistingRecordsCount":1}}
